==========================================================================
FINE-TUNING TrOCR ON IDENTIFIER CROPS
==========================================================================
  model    : microsoft/trocr-small-printed (62M)
  device   : cuda
  data     : synthetic, from our own renderer — no real identifiers

  building 6000 bundles -> 12000 crops...
  12000 training crops

Some weights of VisionEncoderDecoderModel were not initialized from the model checkpoint at microsoft/trocr-small-printed and are newly initialized: ['encoder.pooler.dense.bias', 'encoder.pooler.dense.weight']
You should probably TRAIN this model on a down-stream task to be able to use it for predictions and inference.
      step 50/1500  loss 4.1063  (34s)
      step 100/1500  loss 3.5418  (68s)
      step 150/1500  loss 2.8918  (103s)
      step 200/1500  loss 2.2371  (137s)
      step 250/1500  loss 1.8330  (171s)
      step 300/1500  loss 1.5529  (206s)
      step 350/1500  loss 1.3449  (240s)
      step 400/1500  loss 1.1862  (274s)
      step 450/1500  loss 1.0656  (309s)
      step 500/1500  loss 0.9667  (343s)
      step 550/1500  loss 0.8823  (378s)
      step 600/1500  loss 0.8135  (412s)
      step 650/1500  loss 0.7545  (447s)
      step 700/1500  loss 0.7033  (481s)
      step 750/1500  loss 0.6597  (516s)
      step 800/1500  loss 0.6199  (550s)
      step 850/1500  loss 0.5862  (585s)
      step 900/1500  loss 0.5575  (619s)
      step 950/1500  loss 0.5299  (654s)
      step 1000/1500  loss 0.5054  (688s)
      step 1050/1500  loss 0.4829  (723s)
      step 1100/1500  loss 0.4628  (758s)
      step 1150/1500  loss 0.4471  (792s)
      step 1200/1500  loss 0.4298  (827s)
      step 1250/1500  loss 0.4131  (862s)
      step 1300/1500  loss 0.3977  (896s)
      step 1350/1500  loss 0.3856  (931s)
      step 1400/1500  loss 0.3741  (966s)
      step 1450/1500  loss 0.3627  (1000s)
      step 1500/1500  loss 0.3518  (1035s)
    epoch 1/6  loss 0.3518  (1035s)
      step 50/1500  loss 0.0438  (34s)
      step 100/1500  loss 0.0451  (69s)
      step 150/1500  loss 0.0413  (104s)
      step 200/1500  loss 0.0412  (139s)
      step 250/1500  loss 0.0417  (174s)
      step 300/1500  loss 0.0406  (209s)
      step 350/1500  loss 0.0395  (244s)
      step 400/1500  loss 0.0417  (278s)
      step 450/1500  loss 0.0414  (313s)
      step 500/1500  loss 0.0398  (348s)
      step 550/1500  loss 0.0430  (382s)
      step 600/1500  loss 0.0431  (417s)
      step 650/1500  loss 0.0410  (452s)
      step 700/1500  loss 0.0386  (486s)
      step 750/1500  loss 0.0407  (521s)
      step 800/1500  loss 0.0385  (556s)
      step 850/1500  loss 0.0378  (590s)
      step 900/1500  loss 0.0369  (625s)
      step 950/1500  loss 0.0354  (660s)
      step 1000/1500  loss 0.0360  (695s)
      step 1050/1500  loss 0.0367  (730s)
      step 1100/1500  loss 0.0359  (765s)
      step 1150/1500  loss 0.0380  (800s)
      step 1200/1500  loss 0.0389  (835s)
      step 1250/1500  loss 0.0380  (869s)
      step 1300/1500  loss 0.0379  (904s)
      step 1350/1500  loss 0.0375  (939s)
      step 1400/1500  loss 0.0369  (974s)
      step 1450/1500  loss 0.0360  (1009s)
      step 1500/1500  loss 0.0351  (1044s)
    epoch 2/6  loss 0.0351  (1044s)
      step 50/1500  loss 0.0027  (35s)
      step 100/1500  loss 0.0334  (70s)
      step 150/1500  loss 0.0291  (105s)
      step 200/1500  loss 0.0239  (140s)
      step 250/1500  loss 0.0280  (175s)
      step 300/1500  loss 0.0332  (210s)
      step 350/1500  loss 0.0382  (246s)
      step 400/1500  loss 0.0375  (299s)
      step 450/1500  loss 0.0355  (380s)
      step 500/1500  loss 0.0365  (448s)
      step 550/1500  loss 0.0349  (510s)
      step 600/1500  loss 0.0341  (576s)
      step 650/1500  loss 0.0325  (711s)
      step 700/1500  loss 0.0313  (888s)
      step 750/1500  loss 0.0297  (1414s)
      step 800/1500  loss 0.0308  (2100s)
      step 850/1500  loss 0.0322  (2814s)
      step 900/1500  loss 0.0333  (3148s)
      step 950/1500  loss 0.0335  (3634s)
      step 1000/1500  loss 0.0327  (4118s)
      step 1050/1500  loss 0.0329  (4691s)
      step 1100/1500  loss 0.0331  (5088s)
      step 1150/1500  loss 0.0329  (5578s)
      step 1200/1500  loss 0.0323  (6093s)
      step 1250/1500  loss 0.0333  (6440s)
      step 1300/1500  loss 0.0344  (6980s)
      step 1350/1500  loss 0.0357  (7080s)
      step 1400/1500  loss 0.0361  (7630s)
      step 1450/1500  loss 0.0357  (8138s)
      step 1500/1500  loss 0.0349  (8371s)
    epoch 3/6  loss 0.0349  (8371s)
      step 50/1500  loss 0.0071  (41s)
      step 100/1500  loss 0.0054  (285s)
      step 150/1500  loss 0.0126  (852s)
      step 200/1500  loss 0.0129  (1470s)
      step 250/1500  loss 0.0195  (1832s)
      step 300/1500  loss 0.0185  (1935s)
      step 350/1500  loss 0.0165  (2168s)
      step 400/1500  loss 0.0157  (2358s)
      step 450/1500  loss 0.0184  (2739s)
      step 500/1500  loss 0.0183  (3082s)
      step 550/1500  loss 0.0175  (3922s)
      step 600/1500  loss 0.0162  (4564s)
      step 650/1500  loss 0.0154  (5233s)
